Nome do Funcionário                                                                                                                                    Departamento                                                                                                                                           Banco
------------------------------------------------------------------------------------------------------------------------------------------------------ ------------------------------------------------------------------------------------------------------------------------------------------------------ ------------------------------------------------------------------------------------------------------------------------------------------------------
João Malha                                                                                                                                             Recursos Humanos                                                                                                                                       Caixa Econômica Federal
Manoel da R. Pizzolo                                                                                                                                   Financeiro                                                                                                                                             Bradesco
Pedro Brasona                                                                                                                                          Editoração                                                                                                                                             Bradesco
João Anastácio                                                                                                                                         Desenvolvimento                                                                                                                                        Banco do Brasil
Antônio Nascimento                                                                                                                                     Financeiro                                                                                                                                             CONTA INEXISTENTE
Maria de Jesus                                                                                                                                         Recursos Humanos                                                                                                                                       CONTA INEXISTENTE
Raimundo Pizzolo                                                                                                                                       Recursos Humanos                                                                                                                                       CONTA INEXISTENTE

(7 linhas afetadas)

